client/src/components/sections/Services.tsx(71,28): error TS2339: Property 'description' does not exist on type '{ slug: string; title: string; shortDescription: string; longDescription: string; icon: string; features: string[]; useCases: { title: string; description: string; }[]; processSteps: { title: string; description: string; }[]; faq: { ...; }[]; } | { ...; }'.
  Property 'description' does not exist on type '{ slug: string; title: string; shortDescription: string; longDescription: string; icon: string; features: string[]; useCases: { title: string; description: string; }[]; processSteps: { title: string; description: string; }[]; faq: { ...; }[]; }'.
client/src/pages/ServiceDetailPage.tsx(119,30): error TS2339: Property 'ctaText' does not exist on type '{ slug: string; title: string; shortDescription: string; longDescription: string; icon: string; features: string[]; useCases: { title: string; description: string; }[]; processSteps: { title: string; description: string; }[]; faq: { ...; }[]; } | { ...; }'.
  Property 'ctaText' does not exist on type '{ slug: string; title: string; shortDescription: string; longDescription: string; icon: string; features: string[]; useCases: { title: string; description: string; }[]; processSteps: { title: string; description: string; }[]; faq: { ...; }[]; }'.
server/storage.ts(18,11): error TS2322: Type '{ id: number; createdAt: Date; type: string; email: string; name: string; message: string; phone?: string | null | undefined; }' is not assignable to type '{ type: string; id: number; email: string; name: string; message: string; phone: string | null; createdAt: Date | null; }'.
  Types of property 'phone' are incompatible.
    Type 'string | null | undefined' is not assignable to type 'string | null'.
      Type 'undefined' is not assignable to type 'string | null'.
